[2026-05-01 22:16:05] R
[2026-05-01 22:16:05] E
[2026-05-01 22:16:06] H
[2026-05-01 22:16:06] A
[2026-05-01 22:16:06] A
[2026-05-01 22:16:06] N
[2026-05-01 22:16:07] A
[2026-05-01 22:16:08] H
[2026-05-01 22:16:08] M
[2026-05-01 22:16:08] A
[2026-05-01 22:16:08] D
[2026-05-01 22:16:19] V
[2026-05-01 22:16:22] L
[2026-05-01 22:16:23] T
[2026-05-01 22:16:28] G
[2026-05-01 22:16:29] O
[2026-05-01 22:16:30] E
[2026-05-01 22:16:31] C
[2026-05-01 22:16:32] O
[2026-05-01 22:16:33] T
[2026-05-01 22:16:33] F
