[2026-05-01 22:16:05] V
[2026-05-01 22:16:05] L
[2026-05-01 22:16:06] T
[2026-05-01 22:16:06] G
[2026-05-01 22:16:06] O
[2026-05-01 22:16:06] E
[2026-05-01 22:16:07] C
[2026-05-01 22:16:08] V
[2026-05-01 22:16:08] O
[2026-05-01 22:16:08] T
[2026-05-01 22:16:08] F
[2026-05-01 22:16:19] Z
[2026-05-01 22:16:22] E
[2026-05-01 22:16:23] A
[2026-05-01 22:16:28] R
[2026-05-01 22:16:29] V
[2026-05-01 22:16:30] T
[2026-05-01 22:16:31] Y
[2026-05-01 22:16:32] E
[2026-05-01 22:16:33] S
[2026-05-01 22:16:33] D
